******************************************************************************
                  TI ARM Linker PC v20.2.7                     
******************************************************************************
>> Linked Tue Apr 23 20:40:35 2024

OUTPUT FILE NAME:   <IO_DRIVERS_tirtos_ccs.out>
ENTRY POINT SYMBOL: "_c_int00"  address: 00002929


MEMORY CONFIGURATION

         name            origin    length      used     unused   attr    fill
----------------------  --------  ---------  --------  --------  ----  --------
  MAIN                  00000000   00040000  000047f3  0003b80d  R  X
  INFO                  00200000   00004000  00000000  00004000  R  X
  SRAM_CODE             01000000   00010000  00008e86  0000717a  RW X
  SRAM_DATA             20000000   00010000  00008e86  0000717a  RW  


SEGMENT ALLOCATION MAP

run origin  load origin   length   init length attrs members
----------  ----------- ---------- ----------- ----- -------
00000000    00000000    00004800   00004800    r-x
  00000000    00000000    0000003c   0000003c    r-- .resetVecs
  00000040    00000040    0000417a   0000417a    r-x .text
  000041bc    000041bc    00000415   00000415    r-- .const
  000045d8    000045d8    00000228   00000228    r-- .cinit
20000140    20000140    00008000   00000000    r--
  20000140    20000140    00008000   00000000    r-- .priheap
20008140    20008140    0000094c   00000000    rw-
  20008140    20008140    000005fa   00000000    rw- .data
  20008740    20008740    0000034c   00000000    rw- .bss
2000fc00    2000fc00    00000400   00000000    rw-
  2000fc00    2000fc00    00000400   00000000    rw- .stack


SECTION ALLOCATION MAP

 output                                  attributes/
section   page    origin      length       input sections
--------  ----  ----------  ----------   ----------------
.text      0    00000040    0000417a     
                  00000040    000002f8     drivers_msp432p401x.aem4f : PowerMSP432.oem4f (.text:Power_sleep)
                  00000338    0000028a     msp432p4xx_driverlib.lib : pcm.o (.text:__PCM_setPowerStateAdvanced)
                  000005c2    00000002     ti_drivers_config.obj (.text:Board_initHook)
                  000005c4    00000288     drivers_msp432p401x.aem4f : PowerMSP432.oem4f (.text:initPerfControl)
                  0000084c    0000015c     msp432p4xx_driverlib.lib : pcm.o (.text:__PCM_setPowerModeAdvanced)
                  000009a8    00000130     sysbios.aem4f : BIOS.obj (.text:ti_sysbios_knl_Semaphore_pend__E)
                  00000ad8    00000108     msp432p4xx_driverlib.lib : pcm.o (.text:__PCM_setCoreVoltageLevelAdvanced)
                  00000be0    00000108     sysbios.aem4f : BIOS.obj (.text:ti_sysbios_knl_Task_postInit__I)
                  00000ce8    00000108                   : BIOS.obj (.text:xdc_runtime_Startup_startMods__I)
                  00000df0    00000104                   : BIOS.obj (.text:ti_sysbios_knl_Task_Instance_finalize__E)
                  00000ef4    00000004     msp432p4xx_driverlib.lib : cpu.o (.text:CPU_wfi)
                  00000ef8    000000f8     sysbios.aem4f : BIOS.obj (.text:ti_sysbios_family_arm_msp432_init_Boot_configureClocksHigh)
                  00000ff0    000000f0                   : BIOS.obj (.text:pthread_create)
                  000010e0    000000f0                   : m3_Hwi_asm.obj (.text:ti_sysbios_family_arm_m3_Hwi_dispatch__I)
                  000011d0    000000e4     msp432p4xx_driverlib.lib : cs.o (.text:CS_startHFXTWithTimeout)
                  000012b4    000000e0                              : cs.o (.text:CS_startLFXTWithTimeout)
                  00001394    00000004     release_pem4f.oem4f (.text:ti_sysbios_BIOS_RtsGateProxy_enter__E)
                  00001398    000000e0     sysbios.aem4f : BIOS.obj (.text:ti_sysbios_knl_Task_Instance_init__E)
                  00001478    000000dc     msp432p4xx_driverlib.lib : cs.o (.text:_CSGetHFXTFrequency)
                  00001554    00000004     release_pem4f.oem4f (.text:ti_sysbios_BIOS_RtsGateProxy_leave__E)
                  00001558    000000d0     sysbios.aem4f : BIOS.obj (.text:ti_sysbios_heaps_HeapMem_alloc__E)
                  00001628    000000c4                   : BIOS.obj (.text:ti_sysbios_knl_Task_sleep__E)
                  000016ec    000000bc     thread.obj (.text:mainThread)
                  000017a8    000000b8     sysbios.aem4f : BIOS.obj (.text:ti_sysbios_family_arm_m3_Hwi_Instance_init__E)
                  00001860    000000aa                   : BIOS.obj (.text:xdc_runtime_Core_createObject__I)
                  0000190a    00000004     release_pem4f.oem4f (.text:ti_sysbios_family_arm_m3_TaskSupport_Module__startupDone__S)
                  0000190e    00000002     dpl_msp432p401x.aem4f : PowerMSP432_tirtos.oem4f (.text:PowerMSP432_initPolicy)
                  00001910    000000a8     sysbios.aem4f : BIOS.obj (.text:ti_sysbios_family_arm_msp432_Timer_periodicStub__E)
                  000019b8    000000a4                   : BIOS.obj (.text:ti_sysbios_knl_Task_setPri__E)
                  00001a5c    000000a0     auto_init.aem4f : auto_init.oem4f (.text)
                  00001afc    0000009c     drivers_msp432p401x.aem4f : PowerMSP432.oem4f (.text:Power_init)
                  00001b98    0000009c     rtsv7M4_T_le_v4SPD16_eabi.lib : memcpy_t2.asm.obj (.text)
                  00001c34    00000004     release_pem4f.oem4f (.text:ti_sysbios_heaps_HeapMem_Module_GateProxy_enter__E)
                  00001c38    00000094     sysbios.aem4f : BIOS.obj (.text:_pthread_removeThreadKeys)
                  00001ccc    00000004     release_pem4f.oem4f (.text:ti_sysbios_heaps_HeapMem_Module_GateProxy_leave__E)
                  00001cd0    00000094     sysbios.aem4f : BIOS.obj (.text:ti_sysbios_family_arm_m3_Hwi_initNVIC__E)
                  00001d64    00000004     release_pem4f.oem4f (.text:ti_sysbios_knl_Clock_TimerProxy_getMaxTicks__E)
                  00001d68    00000094     sysbios.aem4f : BIOS.obj (.text:ti_sysbios_knl_Task_exit__E)
                  00001dfc    00000004     release_pem4f.oem4f (.text:ti_sysbios_knl_Task_delete)
                  00001e00    00000090     sysbios.aem4f : BIOS.obj (.text:ti_sysbios_knl_Task_Module_startup__E)
                  00001e90    0000008c                   : m3_TaskSupport_asm.obj (.text:ti_sysbios_family_arm_m3_TaskSupport_buildTaskStack)
                  00001f1c    00000004     release_pem4f.oem4f (.text:xdc_runtime_System_Module_GateProxy_enter__E)
                  00001f20    0000008c     sysbios.aem4f : BIOS.obj (.text:xdc_runtime_Memory_alloc__E)
                  00001fac    00000004     release_pem4f.oem4f (.text:xdc_runtime_System_Module_GateProxy_leave__E)
                  00001fb0    00000086     sysbios.aem4f : BIOS.obj (.text:xdc_runtime_Core_constructObject__I)
                  00002036    00000002     rtsv7M4_T_le_v4SPD16_eabi.lib : _lock.c.obj (.text:_nop)
                  00002038    00000084     msp432p4xx_driverlib.lib : pcm.o (.text:PCM_gotoLPM3)
                  000020bc    00000084     drivers_msp432p401x.aem4f : PowerMSP432.oem4f (.text:restartHFXT)
                  00002140    00000084     sysbios.aem4f : BIOS.obj (.text:ti_sysbios_family_arm_m3_Hwi_postInit__I)
                  000021c4    00000002     release_pem4f.oem4f (.text:ti_sysbios_BIOS_nullFunc__I)
                  000021c6    00000002     --HOLE-- [fill = 0]
                  000021c8    00000084     sysbios.aem4f : BIOS.obj (.text:ti_sysbios_heaps_HeapMem_free__E)
                  0000224c    00000004     --HOLE-- [fill = 0]
                  00002250    00000080                   : BIOS.obj (.text:ti_sysbios_knl_Clock_workFunc__E)
                  000022d0    0000007a     rtsv7M4_T_le_v4SPD16_eabi.lib : memset_t2.asm.obj (.text)
                  0000234a    00000006     --HOLE-- [fill = 0]
                  00002350    00000070     sysbios.aem4f : BIOS.obj (.text:ti_sysbios_heaps_HeapMem_initPrimary__I)
                  000023c0    0000006c                   : BIOS.obj (.text:ti_sysbios_knl_Swi_restoreHwi__E)
                  0000242c    00000068     rtsv7M4_T_le_v4SPD16_eabi.lib : copy_decompress_lzss.c.obj (.text:decompress:lzss:__TI_decompress_lzss)
                  00002494    00000004     --HOLE-- [fill = 0]
                  00002498    00000066     sysbios.aem4f : BIOS.obj (.text:xdc_runtime_Core_deleteObject__I)
                  000024fe    00000002     --HOLE-- [fill = 0]
                  00002500    00000064     main_tirtos.obj (.text:main)
                  00002564    00000004     --HOLE-- [fill = 0]
                  00002568    00000064     sysbios.aem4f : BIOS.obj (.text:pthread_exit)
                  000025cc    00000004     --HOLE-- [fill = 0]
                  000025d0    00000064                   : BIOS.obj (.text:ti_sysbios_family_arm_m3_Hwi_dispatchC__I)
                  00002634    00000004     --HOLE-- [fill = 0]
                  00002638    00000060                   : BIOS.obj (.text:ti_sysbios_knl_Semaphore_post__E)
                  00002698    00000060                   : BIOS.obj (.text:ti_sysbios_knl_Swi_run__I)
                  000026f8    0000005e     msp432p4xx_driverlib.lib : pcm.o (.text:PCM_getCoreVoltageLevel)
                  00002756    00000002     --HOLE-- [fill = 0]
                  00002758    0000005c     sysbios.aem4f : BIOS.obj (.text:ti_sysbios_knl_Swi_schedule__I)
                  000027b4    00000004     --HOLE-- [fill = 0]
                  000027b8    0000005c                   : BIOS.obj (.text:ti_sysbios_knl_Task_startCore__E)
                  00002814    00000004     --HOLE-- [fill = 0]
                  00002818    0000005c                   : BIOS.obj (.text:xdc_runtime_Startup_exec__E)
                  00002874    0000005a     msp432p4xx_driverlib.lib : pcm.o (.text:PCM_getPowerMode)
                  000028ce    00000002     --HOLE-- [fill = 0]
                  000028d0    00000058     GPIO_MSP432.obj (.text:GPIO_setPinEntradaconPullUp)
                  00002928    00000058     boot.aem4f : boot.oem4f (.text)
                  00002980    00000058     sysbios.aem4f : m3_Hwi_asm_switch.obj (.text:ti_sysbios_family_arm_m3_Hwi_initStacks__E)
                  000029d8    00000054     msp432p4xx_driverlib.lib : pcm.o (.text:PCM_shutdownDevice)
                  00002a2c    00000054     release_pem4f.oem4f (.text:ti_sysbios_family_arm_m3_Hwi_create)
                  00002a80    00000054     sysbios.aem4f : BIOS.obj (.text:ti_sysbios_family_arm_msp432_Timer_initDevice__I)
                  00002ad4    00000004     --HOLE-- [fill = 0]
                  00002ad8    00000050                   : BIOS.obj (.text:ti_sysbios_family_arm_m3_Hwi_Module_startup__E)
                  00002b28    00000050     release_pem4f.oem4f (.text:ti_sysbios_knl_Task_create)
                  00002b78    0000004c     dpl_msp432p401x.aem4f : PowerMSP432_tirtos.oem4f (.text:PowerMSP432_sleepPolicy)
                  00002bc4    0000004c     rtsv7M4_T_le_v4SPD16_eabi.lib : cpy_tbl.c.obj (.text:copy_in)
                  00002c10    0000004c     sysbios.aem4f : BIOS.obj (.text:ti_sysbios_family_arm_msp432_Timer_postInit__I)
                  00002c5c    00000004     --HOLE-- [fill = 0]
                  00002c60    0000004c                   : BIOS.obj (.text:ti_sysbios_family_arm_msp432_Timer_start__E)
                  00002cac    00000004     --HOLE-- [fill = 0]
                  00002cb0    0000004c                   : BIOS.obj (.text:ti_sysbios_heaps_HeapMem_getStats__E)
                  00002cfc    00000004     --HOLE-- [fill = 0]
                  00002d00    0000004c                   : BIOS.obj (.text:ti_sysbios_knl_Swi_runLoop__I)
                  00002d4c    00000004     --HOLE-- [fill = 0]
                  00002d50    0000004c                   : BIOS.obj (.text:ti_sysbios_knl_Task_allBlockedFunction__I)
                  00002d9c    00000004     --HOLE-- [fill = 0]
                  00002da0    0000004c                   : BIOS.obj (.text:ti_sysbios_knl_Task_schedule__I)
                  00002dec    00000004     --HOLE-- [fill = 0]
                  00002df0    00000048                   : BIOS.obj (.text:ti_sysbios_family_arm_m3_Hwi_disableInterrupt__E)
                  00002e38    00000048                   : BIOS.obj (.text:ti_sysbios_family_arm_m3_Hwi_enableInterrupt__E)
                  00002e80    00000048                   : BIOS.obj (.text:ti_sysbios_knl_Mailbox_Module_startup__E)
                  00002ec8    00000048                   : BIOS.obj (.text:xdc_runtime_Core_assignParams__I)
                  00002f10    00000044                   : BIOS.obj (.text:ti_sysbios_family_arm_m3_Hwi_getStackInfo__E)
                  00002f54    00000004     --HOLE-- [fill = 0]
                  00002f58    00000044                   : BIOS.obj (.text:ti_sysbios_knl_Swi_post__E)
                  00002f9c    00000040     GPIO_MSP432.obj (.text:GPIO_setPinSalida)
                  00002fdc    00000040     dpl_msp432p401x.aem4f : HwiP_tirtos.oem4f (.text:HwiP_create)
                  0000301c    00000004     --HOLE-- [fill = 0]
                  00003020    00000040     sysbios.aem4f : BIOS.obj (.text:ti_sysbios_family_arm_msp432_Timer_Module_startup__E)
                  00003060    00000040                   : BIOS.obj (.text:ti_sysbios_family_arm_msp432_Timer_startup__E)
                  000030a0    00000040                   : BIOS.obj (.text:ti_sysbios_heaps_HeapMem_Instance_init__E)
                  000030e0    0000003c                   : BIOS.obj (.text:ti_sysbios_family_arm_m3_Hwi_Instance_finalize__E)
                  0000311c    00000004     --HOLE-- [fill = 0]
                  00003120    0000003c                   : BIOS.obj (.text:ti_sysbios_family_arm_msp432_Seconds_Module_startup__E)
                  0000315c    00000004     --HOLE-- [fill = 0]
                  00003160    0000003c                   : BIOS.obj (.text:ti_sysbios_knl_Swi_restore__E)
                  0000319c    00000004     --HOLE-- [fill = 0]
                  000031a0    0000003c                   : BIOS.obj (.text:usleep)
                  000031dc    00000038     drivers_msp432p401x.aem4f : PowerMSP432.oem4f (.text:notify)
                  00003214    00000004     --HOLE-- [fill = 0]
                  00003218    00000038     sysbios.aem4f : BIOS.obj (.text:xdc_runtime_System_atexit__E)
                  00003250    00000032                   : BIOS.obj (.text:ti_sysbios_hal_Hwi_initStack)
                  00003282    00000002     --HOLE-- [fill = 0]
                  00003284    00000030     release_pem4f.oem4f (.text:ti_sysbios_BIOS_atExitFunc__I)
                  000032b4    00000030     release_pem4f.oem4f (.text:ti_sysbios_BIOS_startFunc__I)
                  000032e4    00000004     --HOLE-- [fill = 0]
                  000032e8    00000030     sysbios.aem4f : BIOS.obj (.text:ti_sysbios_family_arm_m3_TaskSupport_start__E)
                  00003318    00000030     release_pem4f.oem4f (.text:ti_sysbios_gates_GateHwi_Object__create__S)
                  00003348    00000030     release_pem4f.oem4f (.text:ti_sysbios_gates_GateMutex_Object__create__S)
                  00003378    00000030     sysbios.aem4f : BIOS.obj (.text:ti_sysbios_gates_GateMutex_enter__E)
                  000033a8    00000030     release_pem4f.oem4f (.text:ti_sysbios_heaps_HeapMem_Object__create__S)
                  000033d8    00000030     sysbios.aem4f : BIOS.obj (.text:ti_sysbios_knl_Mailbox_postInit__I)
                  00003408    00000030     release_pem4f.oem4f (.text:ti_sysbios_knl_Semaphore_construct)
                  00003438    00000030     sysbios.aem4f : BIOS.obj (.text:ti_sysbios_knl_Semaphore_pendTimeout__I)
                  00003468    00000030                   : BIOS.obj (.text:ti_sysbios_knl_Task_processVitalTaskFlag__I)
                  00003498    00000030                   : BIOS.obj (.text:ti_sysbios_knl_Task_restore__E)
                  000034c8    00000030                   : BIOS.obj (.text:ti_sysbios_knl_Task_unblockI__E)
                  000034f8    00000030                   : BIOS.obj (.text:xdc_runtime_System_processAtExit__E)
                  00003528    0000002e                   : BIOS.obj (.text:pthread_setcancelstate)
                  00003556    0000002c     dpl_msp432p401x.aem4f : PowerMSP432_tirtos.oem4f (.text:PowerMSP432_updateFreqs)
                  00003582    00000002     --HOLE-- [fill = 0]
                  00003584    0000002c     msp432p4xx_driverlib.lib : rtc_c.o (.text:RTC_C_holdClock)
                  000035b0    0000002c     sysbios.aem4f : BIOS.obj (.text:_pthread_cleanupFxn)
                  000035dc    00000004     --HOLE-- [fill = 0]
                  000035e0    0000002c                   : BIOS.obj (.text:_pthread_delete$43)
                  0000360c    0000002c     release_pem4f.oem4f (.text:ti_sysbios_gates_GateHwi_Handle__label__S)
                  00003638    0000002c     release_pem4f.oem4f (.text:ti_sysbios_gates_GateMutex_Handle__label__S)
                  00003664    0000002c     release_pem4f.oem4f (.text:ti_sysbios_heaps_HeapMem_Handle__label__S)
                  00003690    0000002c     release_pem4f.oem4f (.text:ti_sysbios_knl_Clock_doTick__I)
                  000036bc    0000002c     release_pem4f.oem4f (.text:ti_sysbios_knl_Queue_construct)
                  000036e8    00000028     GPIO_MSP432.obj (.text:GPIO_setPinAlto)
                  00003710    00000028     GPIO_MSP432.obj (.text:GPIO_setPinBajo)
                  00003738    00000028     msp432p4xx_driverlib.lib : pcm.o (.text:PCM_gotoLPM0)
                  00003760    00000028     drivers_msp432p401x.aem4f : PowerMSP432.oem4f (.text:disableFaultCounter)
                  00003788    00000028                               : PowerMSP432.oem4f (.text:disableHFXT)
                  000037b0    00000028     sysbios.aem4f : m3_Hwi_asm.obj (.text:ti_sysbios_family_arm_m3_Hwi_excHandlerAsm__I)
                  000037d8    00000028                   : BIOS.obj (.text:ti_sysbios_knl_Clock_addI__E)
                  00003800    00000028                   : BIOS.obj (.text:ti_sysbios_knl_Swi_Module_startup__E)
                  00003828    00000026                   : m3_Hwi_asm.obj (.text:ti_sysbios_family_arm_m3_Hwi_pendSV__I)
                  0000384e    00000002     --HOLE-- [fill = 0]
                  00003850    00000024     GPIO_MSP432.obj (.text:Gpio_Pin2_in)
                  00003874    00000024     GPIO_MSP432.obj (.text:Gpio_init2021)
                  00003898    00000024     msp432p4xx_driverlib.lib : wdt_a.o (.text:WDT_A_holdTimer)
                  000038bc    00000004     --HOLE-- [fill = 0]
                  000038c0    00000024     sysbios.aem4f : BIOS.obj (.text:pthread_attr_init)
                  000038e4    00000024     release_pem4f.oem4f (.text:ti_sysbios_BIOS_registerRTSLock__I)
                  00003908    00000024     release_pem4f.oem4f (.text:ti_sysbios_BIOS_removeRTSLock__I)
                  0000392c    00000004     --HOLE-- [fill = 0]
                  00003930    00000024     sysbios.aem4f : BIOS.obj (.text:ti_sysbios_family_arm_msp432_ClockFreqs_setFrequency__E)
                  00003954    00000024     release_pem4f.oem4f (.text:ti_sysbios_gates_GateMutex_Object__delete__S)
                  00003978    00000024     sysbios.aem4f : BIOS.obj (.text:ti_sysbios_knl_Clock_Module_startup__E)
                  0000399c    00000004     --HOLE-- [fill = 0]
                  000039a0    00000024                   : BIOS.obj (.text:ti_sysbios_knl_Semaphore_Instance_init__E)
                  000039c4    00000004     --HOLE-- [fill = 0]
                  000039c8    00000024                   : BIOS.obj (.text:ti_sysbios_knl_Task_restoreHwi__E)
                  000039ec    00000004     --HOLE-- [fill = 0]
                  000039f0    00000024                   : BIOS.obj (.text:xdc_runtime_Error_policyMin__E)
                  00003a14    00000020     msp432p4xx_driverlib.lib : cs.o (.text:CS_setExternalClockSourceFrequency)
                  00003a34    00000020     release_pem4f.oem4f (.text:ti_sysbios_BIOS_rtsLock__I)
                  00003a54    00000020     release_pem4f.oem4f (.text:ti_sysbios_gates_GateHwi_Object__delete__S)
                  00003a74    00000020     release_pem4f.oem4f (.text:ti_sysbios_heaps_HeapMem_Object__delete__S)
                  00003a94    00000004     --HOLE-- [fill = 0]
                  00003a98    00000020     sysbios.aem4f : BIOS.obj (.text:ti_sysbios_knl_Idle_run__E)
                  00003ab8    00000020     release_pem4f.oem4f (.text:ti_sysbios_knl_Semaphore_destruct)
                  00003ad8    00000020     release_pem4f.oem4f (.text:ti_sysbios_knl_Task_Object__delete__S)
                  00003af8    0000001e     sysbios.aem4f : m3_Hwi_asm_switch.obj (.text:ti_sysbios_family_xxx_Hwi_switchAndRunFunc)
                  00003b16    0000001c     rtsv7M4_T_le_v4SPD16_eabi.lib : copy_zero_init.c.obj (.text:decompress:ZI:__TI_zero_init_nomemset:__TI_zero_init_nomemset)
                  00003b32    00000006     --HOLE-- [fill = 0]
                  00003b38    0000001c     sysbios.aem4f : BIOS.obj (.text:ti_sysbios_family_arm_m3_Hwi_excHandler__I)
                  00003b54    00000004     --HOLE-- [fill = 0]
                  00003b58    0000001c                   : BIOS.obj (.text:ti_sysbios_gates_GateMutex_Instance_init__E)
                  00003b74    0000001c     release_pem4f.oem4f (.text:ti_sysbios_knl_Queue_destruct)
                  00003b90    0000001c     sysbios.aem4f : BIOS.obj (.text:ti_sysbios_knl_Queue_put__E)
                  00003bac    00000004     --HOLE-- [fill = 0]
                  00003bb0    0000001c                   : BIOS.obj (.text:ti_sysbios_knl_Task_enter__I)
                  00003bcc    00000004     --HOLE-- [fill = 0]
                  00003bd0    0000001c                   : BIOS.obj (.text:ti_sysbios_rts_ti_ReentSupport_getReent__F)
                  00003bec    00000004     --HOLE-- [fill = 0]
                  00003bf0    0000001c                   : BIOS.obj (.text:xdc_runtime_Memory_valloc__E)
                  00003c0c    00000004     --HOLE-- [fill = 0]
                  00003c10    0000001c                   : BIOS.obj (.text:xdc_runtime_System_abort__E)
                  00003c2c    00000018     release_pem4f.oem4f (.text:.bootCodeSection:ti_sysbios_family_arm_msp432_init_Boot_init__I)
                  00003c44    00000018     msp432p4xx_driverlib.lib : sysctl_a.o (.text:SysCtl_A_disableNMISource)
                  00003c5c    00000018                              : sysctl_a.o (.text:SysCtl_A_enableNMISource)
                  00003c74    00000018     rtsv7M4_T_le_v4SPD16_eabi.lib : args_main.c.obj (.text:_args_main)
                  00003c8c    00000018     release_pem4f.oem4f (.text:ti_sysbios_BIOS_rtsUnlock__I)
                  00003ca4    00000018     release_pem4f.oem4f (.text:ti_sysbios_family_arm_m3_Hwi_Module__startupDone__F)
                  00003cbc    00000018     sysbios.aem4f : m3_TaskSupport_asm.obj (.text:ti_sysbios_family_arm_m3_TaskSupport_swap__E)
                  00003cd4    00000018     release_pem4f.oem4f (.text:ti_sysbios_family_arm_msp432_Timer_Module__startupDone__F)
                  00003cec    00000004     --HOLE-- [fill = 0]
                  00003cf0    00000018     sysbios.aem4f : BIOS.obj (.text:ti_sysbios_gates_GateMutex_leave__E)
                  00003d08    00000018                   : BIOS.obj (.text:ti_sysbios_knl_Task_sleepTimeout__I)
                  00003d20    00000018     release_pem4f.oem4f (.text:ti_sysbios_rts_ti_ReentSupport_getTlsAddr__I)
                  00003d38    00000018     sysbios.aem4f : BIOS.obj (.text:xdc_runtime_Error_init__E)
                  00003d50    00000018                   : BIOS.obj (.text:xdc_runtime_System_exit__E)
                  00003d68    00000016     release_pem4f.oem4f (.text:ti_sysbios_BIOS_exitFunc__I)
                  00003d7e    00000002     --HOLE-- [fill = 0]
                  00003d80    00000016     sysbios.aem4f : BIOS.obj (.text:ti_sysbios_knl_Task_unblock__E)
                  00003d96    00000002     --HOLE-- [fill = 0]
                  00003d98    00000014     msp432p4xx_driverlib.lib : pcm.o (.text:PCM_getPowerState)
                  00003dac    00000014     drivers_msp432p401x.aem4f : PowerMSP432.oem4f (.text:Power_idleFunc)
                  00003dc0    00000014     sysbios.aem4f : BIOS.obj (.text:pthread_attr_setschedparam)
                  00003dd4    00000014     release_pem4f.oem4f (.text:ti_sysbios_family_arm_m3_Hwi_Object__get__S)
                  00003de8    00000014     sysbios.aem4f : BIOS.obj (.text:ti_sysbios_family_arm_m3_Hwi_switchFromBootStack__E)
                  00003dfc    00000014     release_pem4f.oem4f (.text:ti_sysbios_heaps_HeapMem_Object__get__S)
                  00003e10    00000014     release_pem4f.oem4f (.text:ti_sysbios_knl_Swi_Object__get__S)
                  00003e24    00000004     --HOLE-- [fill = 0]
                  00003e28    00000012     sysbios.aem4f : BIOS.obj (.text:_pthread_cleanup_pop)
                  00003e3a    00000006     --HOLE-- [fill = 0]
                  00003e40    00000012                   : BIOS.obj (.text:_pthread_runStub$43)
                  00003e52    00000006     --HOLE-- [fill = 0]
                  00003e58    00000012                   : BIOS.obj (.text:ti_sysbios_hal_Hwi_Module_startup__E)
                  00003e6a    00000012     release_pem4f.oem4f (.text:xdc_runtime_Startup_exec__I)
                  00003e7c    00000010     dpl_msp432p401x.aem4f : HwiP_tirtos.oem4f (.text:HwiP_Params_init)
                  00003e8c    00000010     msp432p4xx_driverlib.lib : pcm.o (.text:PCM_gotoLPM4)
                  00003e9c    00000010                              : pcm.o (.text:PCM_setPowerMode)
                  00003eac    00000010                              : pcm.o (.text:PCM_setPowerState)
                  00003ebc    00000010                              : sysctl_a.o (.text:SysCtl_A_getNMISourceStatus)
                  00003ecc    00000010                              : sysctl.o (.text:SysCtl_getNMISourceStatus)
                  00003edc    00000004     --HOLE-- [fill = 0]
                  00003ee0    00000010     sysbios.aem4f : BIOS.obj (.text:ti_sysbios_BIOS_exit__E)
                  00003ef0    00000010                   : BIOS.obj (.text:ti_sysbios_BIOS_setCpuFreq__E)
                  00003f00    00000010                   : BIOS.obj (.text:ti_sysbios_BIOS_setThreadType__E)
                  00003f10    00000010                   : BIOS.obj (.text:ti_sysbios_BIOS_start__E)
                  00003f20    00000010                   : m3_TaskSupport_asm.obj (.text:ti_sysbios_family_arm_m3_TaskSupport_glue)
                  00003f30    00000010                   : BIOS.obj (.text:ti_sysbios_family_arm_msp432_init_Boot_disableWatchdog)
                  00003f40    00000010                   : BIOS.obj (.text:ti_sysbios_gates_GateMutex_Instance_finalize__E)
                  00003f50    00000010     release_pem4f.oem4f (.text:ti_sysbios_knl_Mailbox_Object__get__S)
                  00003f60    00000010     sysbios.aem4f : BIOS.obj (.text:ti_sysbios_knl_Semaphore_Instance_finalize__E)
                  00003f70    00000010                   : BIOS.obj (.text:ti_sysbios_knl_Swi_disable__E)
                  00003f80    00000010     release_pem4f.oem4f (.text:ti_sysbios_knl_Task_Object__get__S)
                  00003f90    00000010     sysbios.aem4f : BIOS.obj (.text:ti_sysbios_knl_Task_disable__E)
                  00003fa0    00000010                   : BIOS.obj (.text:xdc_runtime_Gate_leaveSystem__E)
                  00003fb0    00000010                   : BIOS.obj (.text:xdc_runtime_Memory_free__E)
                  00003fc0    00000010                   : BIOS.obj (.text:xdc_runtime_SysCallback_abort__E)
                  00003fd0    00000010                   : BIOS.obj (.text:xdc_runtime_SysCallback_exit__E)
                  00003fe0    0000000e     rtsv7M4_T_le_v4SPD16_eabi.lib : copy_decompress_none.c.obj (.text:decompress:none:__TI_decompress_none)
                  00003fee    00000002     --HOLE-- [fill = 0]
                  00003ff0    0000000e     sysbios.aem4f : BIOS.obj (.text:pthread_attr_setdetachstate)
                  00003ffe    00000002     --HOLE-- [fill = 0]
                  00004000    0000000e                   : BIOS.obj (.text:ti_sysbios_knl_Idle_loop__E)
                  0000400e    00000002     --HOLE-- [fill = 0]
                  00004010    0000000e                   : BIOS.obj (.text:ti_sysbios_knl_Queue_empty__E)
                  0000401e    0000000c     ti_drivers_config.obj (.text:Board_init)
                  0000402a    0000000c     msp432p4xx_driverlib.lib : cpu.o (.text:CPU_cpsid)
                  00004036    0000000c                              : cpu.o (.text:CPU_cpsie)
                  00004042    00000002     --HOLE-- [fill = 0]
                  00004044    0000000c     drivers_msp432p401x.aem4f : PowerMSP432.oem4f (.text:Power_getConstraintMask)
                  00004050    0000000c     rtsv7M4_T_le_v4SPD16_eabi.lib : _lock.c.obj (.text:_register_lock)
                  0000405c    0000000c                                   : _lock.c.obj (.text:_register_unlock)
                  00004068    0000000c     sysbios.aem4f : BIOS.obj (.text:pthread_self)
                  00004074    0000000c     release_pem4f.oem4f (.text:ti_sysbios_family_arm_m3_Hwi_Params__init__S)
                  00004080    0000000c     sysbios.aem4f : BIOS.obj (.text:ti_sysbios_family_arm_m3_TaskSupport_getStackAlignment__E)
                  0000408c    00000004     --HOLE-- [fill = 0]
                  00004090    0000000c                   : BIOS.obj (.text:ti_sysbios_family_arm_msp432_Timer_getMaxTicks__E)
                  0000409c    00000004     --HOLE-- [fill = 0]
                  000040a0    0000000c                   : BIOS.obj (.text:ti_sysbios_gates_GateHwi_enter__E)
                  000040ac    0000000c     release_pem4f.oem4f (.text:ti_sysbios_knl_Queue_Object__get__S)
                  000040b8    0000000c     release_pem4f.oem4f (.text:ti_sysbios_knl_Semaphore_Params__init__S)
                  000040c4    0000000c     release_pem4f.oem4f (.text:ti_sysbios_knl_Task_Params__init__S)
                  000040d0    0000000c     sysbios.aem4f : BIOS.obj (.text:ti_sysbios_knl_Task_self__E)
                  000040dc    00000004     --HOLE-- [fill = 0]
                  000040e0    0000000c                   : BIOS.obj (.text:ti_sysbios_rts_ti_ReentSupport_taskRegHook__I)
                  000040ec    00000004     --HOLE-- [fill = 0]
                  000040f0    0000000c                   : BIOS.obj (.text:xdc_runtime_Gate_enterSystem__E)
                  000040fc    00000004     --HOLE-- [fill = 0]
                  00004100    0000000c                   : BIOS.obj (.text:xdc_runtime_Startup_rtsDone__E)
                  0000410c    0000000a     release_pem4f.oem4f (.text:xdc_runtime_IHeap_alloc)
                  00004116    0000000a     release_pem4f.oem4f (.text:xdc_runtime_IHeap_free)
                  00004120    00000008     sysbios.aem4f : BIOS.obj (.text:pthread_attr_setstacksize)
                  00004128    00000008                   : BIOS.obj (.text:ti_sysbios_family_arm_m3_Hwi_doSwiRestore__I)
                  00004130    00000008                   : BIOS.obj (.text:ti_sysbios_family_arm_m3_Hwi_startup__E)
                  00004138    00000006                   : BIOS.obj (.text:ti_sysbios_family_arm_m3_Hwi_doTaskRestore__I)
                  0000413e    00000002     --HOLE-- [fill = 0]
                  00004140    00000006                   : BIOS.obj (.text:ti_sysbios_gates_GateHwi_leave__E)
                  00004146    00000002     --HOLE-- [fill = 0]
                  00004148    00000006                   : BIOS.obj (.text:ti_sysbios_heaps_HeapMem_isBlocking__E)
                  0000414e    00000002     --HOLE-- [fill = 0]
                  00004150    00000006                   : BIOS.obj (.text:ti_sysbios_knl_Queue_Instance_init__E)
                  00004156    00000002     --HOLE-- [fill = 0]
                  00004158    00000006                   : BIOS.obj (.text:ti_sysbios_knl_Swi_startup__E)
                  0000415e    00000002     --HOLE-- [fill = 0]
                  00004160    00000006                   : BIOS.obj (.text:xdc_runtime_System_Module_startup__E)
                  00004166    00000002     --HOLE-- [fill = 0]
                  00004168    00000004                   : BIOS.obj (.text:__aeabi_errno_addr)
                  0000416c    00000004     --HOLE-- [fill = 0]
                  00004170    00000004                   : BIOS.obj (.text:ti_sysbios_gates_GateHwi_query__E)
                  00004174    00000004     --HOLE-- [fill = 0]
                  00004178    00000004                   : BIOS.obj (.text:ti_sysbios_gates_GateMutex_query__E)
                  0000417c    00000004     --HOLE-- [fill = 0]
                  00004180    00000004                   : BIOS.obj (.text:ti_sysbios_knl_Task_startup__E)
                  00004184    00000004     --HOLE-- [fill = 0]
                  00004188    00000002                   : BIOS.obj (.text:ti_sysbios_BIOS_linkedWithIncorrectBootLibrary__E)
                  0000418a    00000006     --HOLE-- [fill = 0]
                  00004190    00000002                   : BIOS.obj (.text:ti_sysbios_gates_GateHwi_Instance_init__E)
                  00004192    00000006     --HOLE-- [fill = 0]
                  00004198    00000002                   : BIOS.obj (.text:ti_sysbios_knl_Clock_logTick__E)
                  0000419a    00000006     --HOLE-- [fill = 0]
                  000041a0    00000002                   : BIOS.obj (.text:xdc_runtime_SysCallback_defaultAbort)
                  000041a2    00000006     --HOLE-- [fill = 0]
                  000041a8    00000002                   : BIOS.obj (.text:xdc_runtime_SysCallback_defaultExit)
                  000041aa    00000006     --HOLE-- [fill = 0]
                  000041b0    00000002                   : BIOS.obj (.text:xdc_runtime_System_abortSpin__E)
                  000041b2    00000006     --HOLE-- [fill = 0]
                  000041b8    00000002                   : BIOS.obj (.text:xdc_runtime_System_exitSpin__E)

.const     0    000041bc    00000415     
                  000041bc    0000003c     release_pem4f.oem4f (.const:ti_sysbios_knl_Task_Object__PARAMS__C)
                  000041f8    00000038     ti_drivers_config.obj (.const:PowerMSP432_config)
                  00004230    00000030     GPIO_MSP432.obj (.const:GPIO_PORT_TO_BASE)
                  00004260    00000030     release_pem4f.oem4f (.const:ti_sysbios_family_arm_m3_Hwi_Object__PARAMS__C)
                  00004290    00000028     release_pem4f.oem4f (.const:ti_sysbios_heaps_HeapMem_Module__FXNS__C)
                  000042b8    00000024     release_pem4f.oem4f (.const:ti_sysbios_gates_GateHwi_Module__FXNS__C)
                  000042dc    00000024     release_pem4f.oem4f (.const:ti_sysbios_gates_GateMutex_Module__FXNS__C)
                  00004300    00000024     release_pem4f.oem4f (.const:ti_sysbios_heaps_HeapMem_Object__PARAMS__C)
                  00004324    00000024     release_pem4f.oem4f (.const:ti_sysbios_knl_Semaphore_Object__PARAMS__C)
                  00004348    00000024     release_pem4f.oem4f (.const:xdc_runtime_Startup_sfxnTab__A)
                  0000436c    00000020     release_pem4f.oem4f (.const:ti_sysbios_family_arm_m3_Hwi_Object__DESC__C)
                  0000438c    00000020     release_pem4f.oem4f (.const:ti_sysbios_gates_GateHwi_Object__DESC__C)
                  000043ac    00000020     release_pem4f.oem4f (.const:ti_sysbios_gates_GateMutex_Object__DESC__C)
                  000043cc    00000020     release_pem4f.oem4f (.const:ti_sysbios_heaps_HeapMem_Object__DESC__C)
                  000043ec    00000020     release_pem4f.oem4f (.const:ti_sysbios_knl_Queue_Object__DESC__C)
                  0000440c    00000020     release_pem4f.oem4f (.const:ti_sysbios_knl_Semaphore_Object__DESC__C)
                  0000442c    00000020     release_pem4f.oem4f (.const:ti_sysbios_knl_Task_Object__DESC__C)
                  0000444c    00000018     release_pem4f.oem4f (.const:ti_sysbios_gates_GateHwi_Object__PARAMS__C)
                  00004464    00000018     release_pem4f.oem4f (.const:ti_sysbios_gates_GateMutex_Object__PARAMS__C)
                  0000447c    00000018     release_pem4f.oem4f (.const:ti_sysbios_knl_Queue_Object__PARAMS__C)
                  00004494    00000018     release_pem4f.oem4f (.const:ti_sysbios_knl_Task_hooks__A)
                  000044ac    00000012     release_pem4f.oem4f (.const:xdc_runtime_Startup_sfxnRts__A)
                  000044be    00000002     release_pem4f.oem4f (.const:ti_sysbios_family_arm_m3_Hwi_Module__id__C)
                  000044c0    0000000c     release_pem4f.oem4f (.const:xdc_runtime_Startup_firstFxns__A)
                  000044cc    00000008     GPIO_MSP432.obj (.const)
                  000044d4    00000008     release_pem4f.oem4f (.const:ti_sysbios_knl_Idle_funcList__A)
                  000044dc    00000008     release_pem4f.oem4f (.const:ti_sysbios_knl_Idle_funcList__C)
                  000044e4    00000008     release_pem4f.oem4f (.const:ti_sysbios_knl_Task_hooks__C)
                  000044ec    00000008     release_pem4f.oem4f (.const:xdc_runtime_Startup_firstFxns__C)
                  000044f4    00000008     release_pem4f.oem4f (.const:xdc_runtime_Startup_lastFxns__C)
                  000044fc    00000004     release_pem4f.oem4f (.const:ti_sysbios_family_arm_m3_Hwi_E_alreadyDefined__C)
                  00004500    00000004     release_pem4f.oem4f (.const:ti_sysbios_family_arm_m3_Hwi_E_badIntNum__C)
                  00004504    00000004     release_pem4f.oem4f (.const:ti_sysbios_family_arm_m3_Hwi_NUM_INTERRUPTS__C)
                  00004508    00000004     release_pem4f.oem4f (.const:ti_sysbios_family_arm_m3_Hwi_Object__count__C)
                  0000450c    00000004     release_pem4f.oem4f (.const:ti_sysbios_family_arm_m3_Hwi_ccr__C)
                  00004510    00000004     release_pem4f.oem4f (.const:ti_sysbios_family_arm_m3_Hwi_excHandlerFunc__C)
                  00004514    00000004     release_pem4f.oem4f (.const:ti_sysbios_family_arm_m3_Hwi_nullIsrFunc__C)
                  00004518    00000004     release_pem4f.oem4f (.const:ti_sysbios_family_arm_m3_Hwi_priGroup__C)
                  0000451c    00000004     release_pem4f.oem4f (.const:ti_sysbios_family_arm_m3_Hwi_swiDisable__C)
                  00004520    00000004     release_pem4f.oem4f (.const:ti_sysbios_family_arm_m3_Hwi_swiRestore__C)
                  00004524    00000004     release_pem4f.oem4f (.const:ti_sysbios_family_arm_m3_TaskSupport_stackAlignment__C)
                  00004528    00000004     release_pem4f.oem4f (.const:ti_sysbios_family_arm_msp432_Timer_numTimerDevices__C)
                  0000452c    00000004     release_pem4f.oem4f (.const:ti_sysbios_family_arm_msp432_Timer_startupNeeded__C)
                  00004530    00000004     release_pem4f.oem4f (.const:ti_sysbios_gates_GateMutex_Instance_State_sem__O)
                  00004534    00000004     release_pem4f.oem4f (.const:ti_sysbios_heaps_HeapMem_E_memory__C)
                  00004538    00000004     release_pem4f.oem4f (.const:ti_sysbios_heaps_HeapMem_Module__gateObj__C)
                  0000453c    00000004     release_pem4f.oem4f (.const:ti_sysbios_heaps_HeapMem_Object__count__C)
                  00004540    00000004     release_pem4f.oem4f (.const:ti_sysbios_heaps_HeapMem_primaryHeapBaseAddr__C)
                  00004544    00000004     release_pem4f.oem4f (.const:ti_sysbios_heaps_HeapMem_primaryHeapEndAddr__C)
                  00004548    00000004     release_pem4f.oem4f (.const:ti_sysbios_heaps_HeapMem_reqAlign__C)
                  0000454c    00000004     release_pem4f.oem4f (.const:ti_sysbios_knl_Clock_Module_State_clockQ__O)
                  00004550    00000004     release_pem4f.oem4f (.const:ti_sysbios_knl_Clock_tickPeriod__C)
                  00004554    00000004     release_pem4f.oem4f (.const:ti_sysbios_knl_Mailbox_Instance_State_freeQue__O)
                  00004558    00000004     release_pem4f.oem4f (.const:ti_sysbios_knl_Mailbox_Object__count__C)
                  0000455c    00000004     release_pem4f.oem4f (.const:ti_sysbios_knl_Mailbox_maxTypeAlign__C)
                  00004560    00000004     release_pem4f.oem4f (.const:ti_sysbios_knl_Semaphore_Instance_State_pendQ__O)
                  00004564    00000004     release_pem4f.oem4f (.const:ti_sysbios_knl_Swi_Object__count__C)
                  00004568    00000004     release_pem4f.oem4f (.const:ti_sysbios_knl_Task_Module_State_inactiveQ__O)
                  0000456c    00000004     release_pem4f.oem4f (.const:ti_sysbios_knl_Task_Object__count__C)
                  00004570    00000004     release_pem4f.oem4f (.const:ti_sysbios_knl_Task_Object__heap__C)
                  00004574    00000004     release_pem4f.oem4f (.const:ti_sysbios_knl_Task_allBlockedFunc__C)
                  00004578    00000004     release_pem4f.oem4f (.const:ti_sysbios_knl_Task_defaultStackHeap__C)
                  0000457c    00000004     release_pem4f.oem4f (.const:ti_sysbios_knl_Task_defaultStackSize__C)
                  00004580    00000004     release_pem4f.oem4f (.const:ti_sysbios_knl_Task_numConstructedTasks__C)
                  00004584    00000004     release_pem4f.oem4f (.const:xdc_runtime_Error_E_memory__C)
                  00004588    00000004     release_pem4f.oem4f (.const:xdc_runtime_Error_policyFxn__C)
                  0000458c    00000004     release_pem4f.oem4f (.const:xdc_runtime_IGateProvider_Interface__BASE__C)
                  00004590    00000004     release_pem4f.oem4f (.const:xdc_runtime_IHeap_Interface__BASE__C)
                  00004594    00000004     release_pem4f.oem4f (.const:xdc_runtime_IModule_Interface__BASE__C)
                  00004598    00000004     release_pem4f.oem4f (.const:xdc_runtime_Memory_defaultHeapInstance__C)
                  0000459c    00000004     release_pem4f.oem4f (.const:xdc_runtime_Startup_execImpl__C)
                  000045a0    00000004     release_pem4f.oem4f (.const:xdc_runtime_Startup_maxPasses__C)
                  000045a4    00000004     release_pem4f.oem4f (.const:xdc_runtime_Startup_sfxnRts__C)
                  000045a8    00000004     release_pem4f.oem4f (.const:xdc_runtime_Startup_sfxnTab__C)
                  000045ac    00000004     release_pem4f.oem4f (.const:xdc_runtime_SysCallback_abortFxn__C)
                  000045b0    00000004     release_pem4f.oem4f (.const:xdc_runtime_SysCallback_exitFxn__C)
                  000045b4    00000004     release_pem4f.oem4f (.const:xdc_runtime_System_Module__gateObj__C)
                  000045b8    00000004     release_pem4f.oem4f (.const:xdc_runtime_System_abortFxn__C)
                  000045bc    00000004     release_pem4f.oem4f (.const:xdc_runtime_System_exitFxn__C)
                  000045c0    00000004     release_pem4f.oem4f (.const:xdc_runtime_System_maxAtexitHandlers__C)
                  000045c4    00000002     release_pem4f.oem4f (.const:ti_sysbios_family_arm_msp432_init_Boot_bypassHFXT__C)
                  000045c6    00000002     release_pem4f.oem4f (.const:ti_sysbios_family_arm_msp432_init_Boot_bypassLFXT__C)
                  000045c8    00000002     release_pem4f.oem4f (.const:ti_sysbios_family_arm_msp432_init_Boot_enableHFXT__C)
                  000045ca    00000002     release_pem4f.oem4f (.const:ti_sysbios_family_arm_msp432_init_Boot_enableLFXT__C)
                  000045cc    00000002     release_pem4f.oem4f (.const:ti_sysbios_heaps_HeapMem_Module__id__C)
                  000045ce    00000002     release_pem4f.oem4f (.const:xdc_runtime_Memory_Module__id__C)
                  000045d0    00000001     release_pem4f.oem4f (.const:xdc_runtime_Error_policy__C)

.cinit     0    000045d8    00000228     
                  000045d8    00000203     (.cinit..data.load) [load image, compression = lzss]
                  000047db    00000001     --HOLE-- [fill = 0]
                  000047dc    0000000c     (__TI_handler_table)
                  000047e8    00000008     (.cinit..bss.load) [load image, compression = zero_init]
                  000047f0    00000010     (__TI_cinit_table)

.init_array 
*          0    00000000    00000000     UNINITIALIZED

.data      0    20008140    000005fa     UNINITIALIZED
                  20008140    00000140     drivers_msp432p401x.aem4f : PowerMSP432.oem4f (.data:PowerMSP432_perfLevels)
                  20008280    00000088     sysbios.aem4f : BIOS.obj (.data:$O1$$)
                  20008308    00000080     release_pem4f.oem4f (.data:ti_sysbios_knl_Swi_Module_State_0_readyQ__A)
                  20008388    00000080     release_pem4f.oem4f (.data:ti_sysbios_knl_Task_Module_State_0_readyQ__A)
                  20008408    00000054     release_pem4f.oem4f (.data:ti_sysbios_gates_GateMutex_Object__table__V)
                  2000845c    0000004c     release_pem4f.oem4f (.data:ti_sysbios_knl_Task_Object__table__V)
                  200084a8    00000044     release_pem4f.oem4f (.data:ti_sysbios_family_arm_msp432_Timer_Object__table__V)
                  200084ec    00000044     release_pem4f.oem4f (.data:ti_sysbios_knl_Task_Module__state__V)
                  20008530    00000034     release_pem4f.oem4f (.data:ti_sysbios_family_arm_m3_Hwi_Module__state__V)
                  20008564    00000030     release_pem4f.oem4f (.data:ti_sysbios_knl_Swi_Object__table__V)
                  20008594    0000002c     drivers_msp432p401x.aem4f : PowerMSP432.oem4f (.data:PowerMSP432_module)
                  200085c0    0000002c     release_pem4f.oem4f (.data:ti_sysbios_knl_Clock_Module__state__V)
                  200085ec    00000024     release_pem4f.oem4f (.data:ti_sysbios_BIOS_Module__state__V)
                  20008610    00000020     release_pem4f.oem4f (.data:ti_sysbios_family_arm_msp432_Timer_Module_State_0_device__A)
                  20008630    00000020     release_pem4f.oem4f (.data:xdc_runtime_Error_IgnoreBlock)
                  20008650    0000001c     release_pem4f.oem4f (.data:ti_sysbios_knl_Swi_Module__state__V)
                  2000866c    00000018     release_pem4f.oem4f (.data:ti_sysbios_family_arm_m3_Hwi_Object__table__V)
                  20008684    00000018     release_pem4f.oem4f (.data:ti_sysbios_heaps_HeapMem_Object__table__V)
                  2000869c    00000010     release_pem4f.oem4f (.data:ti_sysbios_family_arm_msp432_Timer_Module_State_0_handles__A)
                  200086ac    0000000c     release_pem4f.oem4f (.data:ti_sysbios_family_arm_msp432_ClockFreqs_Module__state__V)
                  200086b8    0000000c     release_pem4f.oem4f (.data:ti_sysbios_family_arm_msp432_Timer_Module__state__V)
                  200086c4    00000008     rtsv7M4_T_le_v4SPD16_eabi.lib : _lock.c.obj (.data:$O1$$)
                  200086cc    00000008     release_pem4f.oem4f (.data:ti_sysbios_family_arm_m3_Hwi_Module__root__V)
                  200086d4    00000008     release_pem4f.oem4f (.data:ti_sysbios_gates_GateHwi_Module__root__V)
                  200086dc    00000008     release_pem4f.oem4f (.data:ti_sysbios_gates_GateMutex_Module__root__V)
                  200086e4    00000008     release_pem4f.oem4f (.data:ti_sysbios_heaps_HeapMem_Module__root__V)
                  200086ec    00000008     release_pem4f.oem4f (.data:ti_sysbios_knl_Queue_Module__root__V)
                  200086f4    00000008     release_pem4f.oem4f (.data:ti_sysbios_knl_Semaphore_Module__root__V)
                  200086fc    00000008     release_pem4f.oem4f (.data:ti_sysbios_knl_Task_Module__root__V)
                  20008704    00000008     release_pem4f.oem4f (.data:xdc_runtime_Startup_Module__state__V)
                  2000870c    00000008     release_pem4f.oem4f (.data:xdc_runtime_System_Module_State_0_atexitHandlers__A)
                  20008714    00000008     release_pem4f.oem4f (.data:xdc_runtime_System_Module__state__V)
                  2000871c    00000004     rtsv7M4_T_le_v4SPD16_eabi.lib : stkdepth_vars.c.obj (.data)
                  20008720    00000004     release_pem4f.oem4f (.data:ti_sysbios_family_arm_m3_Hwi_Module_State_0_excContext__A)
                  20008724    00000004     release_pem4f.oem4f (.data:ti_sysbios_family_arm_m3_Hwi_Module_State_0_excStack__A)
                  20008728    00000004     release_pem4f.oem4f (.data:ti_sysbios_gates_GateHwi_Object__table__V)
                  2000872c    00000004     release_pem4f.oem4f (.data:ti_sysbios_knl_Task_Module_State_0_idleTask__A)
                  20008730    00000004     release_pem4f.oem4f (.data:ti_sysbios_rts_ti_ReentSupport_Module__state__V)
                  20008734    00000004     release_pem4f.oem4f (.data:xdc_runtime_Memory_Module__state__V)
                  20008738    00000002     release_pem4f.oem4f (.data:ti_sysbios_family_arm_m3_Hwi_Module_State_0_excActive__A)

.bss       0    20008740    0000034c     UNINITIALIZED
                  20008740    00000200     release_pem4f.oem4f (.bss:taskStackSection)
                  20008940    00000140     (.common:ti_sysbios_family_arm_m3_Hwi_dispatchTable)
                  20008a80    00000008     msp432p4xx_driverlib.lib : cs.o (.bss)
                  20008a88    00000004     (.common:ti_sysbios_knl_Task_Instance_State_0_hookEnv__A)

.priheap   0    20000140    00008000     UNINITIALIZED
                  20000140    00008000     --HOLE--

.stack     0    2000fc00    00000400     UNINITIALIZED
                  2000fc00    00000400     --HOLE--

.bootVecs 
*          0    00000000    00000008     DSECT
                  00000000    00000008     boot.aem4f : boot.oem4f (.bootVecs)

.resetVecs 
*          0    00000000    0000003c     
                  00000000    0000003c     release_pem4f.oem4f (.resetVecs)

.vecs      0    20000000    00000140     NOLOAD SECTION
                  20000000    00000140     release_pem4f.oem4f (.vecs)

xdc.meta   0    00000000    0000013d     COPY SECTION
                  00000000    0000013d     release_pem4f.oem4f (xdc.meta)

xdc.noload 
*          0    00000000    00000000     COPY SECTION

__llvm_prf_cnts 
*          0    20000000    00000000     UNINITIALIZED

.binit     0    00000000    00000000     

MODULE SUMMARY

       Module                       code    ro data   rw data
       ------                       ----    -------   -------
    .\
       thread.obj                   188     0         0      
       main_tirtos.obj              100     0         0      
    +--+----------------------------+-------+---------+---------+
       Total:                       288     0         0      
                                                             
    .\DRIVERS\
       GPIO_MSP432.obj              304     56        0      
    +--+----------------------------+-------+---------+---------+
       Total:                       304     56        0      
                                                             
    .\syscfg\
       ti_drivers_config.obj        14      56        0      
    +--+----------------------------+-------+---------+---------+
       Total:                       14      56        0      
                                                             
    C:\Users\pedro\OneDrive\Escritorio\GENERAL\TEC\Semestre 6\ARQUI\unidad 2\Foros y Ejercicios\tirtos_builds_MSP_EXP432P401R_release_ccs\Debug\configPkg\package\cfg\
       release_pem4f.oem4f          1326    993       4348   
    +--+----------------------------+-------+---------+---------+
       Total:                       1326    993       4348   
                                                             
    C:/ti/simplelink_msp432p4_sdk_3_40_01_02/kernel/tirtos/packages/ti/dpl/lib/dpl_msp432p401x.aem4f
       PowerMSP432_tirtos.oem4f     122     0         0      
       HwiP_tirtos.oem4f            80      0         0      
    +--+----------------------------+-------+---------+---------+
       Total:                       202     0         0      
                                                             
    C:/ti/simplelink_msp432p4_sdk_3_40_01_02/source/ti/devices/msp432p4xx/driverlib/ccs/msp432p4xx_driverlib.lib
       pcm.o                        1770    0         0      
       cs.o                         704     0         16     
       sysctl_a.o                   64      0         0      
       rtc_c.o                      44      0         0      
       wdt_a.o                      36      0         0      
       cpu.o                        28      0         0      
       sysctl.o                     16      0         0      
    +--+----------------------------+-------+---------+---------+
       Total:                       2662    0         16     
                                                             
    C:/ti/simplelink_msp432p4_sdk_3_40_01_02/source/ti/drivers/lib/drivers_msp432p401x.aem4f
       PowerMSP432.oem4f            1864    0         728    
    +--+----------------------------+-------+---------+---------+
       Total:                       1864    0         728    
                                                             
    C:\Users\pedro\OneDrive\Escritorio\GENERAL\TEC\Semestre 6\ARQUI\unidad 2\Foros y Ejercicios\tirtos_builds_MSP_EXP432P401R_release_ccs\src\sysbios\sysbios.aem4f
       BIOS.obj                     8410    0         272    
       m3_Hwi_asm.obj               318     0         0      
       m3_TaskSupport_asm.obj       180     0         0      
       m3_Hwi_asm_switch.obj        118     0         0      
    +--+----------------------------+-------+---------+---------+
       Total:                       9026    0         272    
                                                             
    C:\ti\ccs1260\ccs\tools\compiler\ti-cgt-arm_20.2.7.LTS\lib\rtsv7M4_T_le_v4SPD16_eabi.lib
       memcpy_t2.asm.obj            156     0         0      
       memset_t2.asm.obj            122     0         0      
       copy_decompress_lzss.c.obj   104     0         0      
       cpy_tbl.c.obj                76      0         0      
       _lock.c.obj                  26      0         16     
       copy_zero_init.c.obj         28      0         0      
       args_main.c.obj              24      0         0      
       copy_decompress_none.c.obj   14      0         0      
       stkdepth_vars.c.obj          0       0         8      
    +--+----------------------------+-------+---------+---------+
       Total:                       550     0         24     
                                                             
    C:\ti\simplelink_msp432p4_sdk_3_40_01_02\kernel\tirtos\packages\ti\targets\arm\rtsarm\lib\auto_init.aem4f
       auto_init.oem4f              160     0         0      
    +--+----------------------------+-------+---------+---------+
       Total:                       160     0         0      
                                                             
    C:\ti\simplelink_msp432p4_sdk_3_40_01_02\kernel\tirtos\packages\ti\targets\arm\rtsarm\lib\boot.aem4f
       boot.oem4f                   88      0         0      
    +--+----------------------------+-------+---------+---------+
       Total:                       88      0         0      
                                                             
       Stack:                       0       0         2048   
       Linker Generated:            0       551       0      
    +--+----------------------------+-------+---------+---------+
       Grand Total:                 16484   1656      7436   


LINKER GENERATED COPY TABLES

__TI_cinit_table @ 000047f0 records: 2, size/record: 8, table size: 16
	.data: load addr=000045d8, load size=00000203 bytes, run addr=20008140, run size=000005fa bytes, compression=lzss
	.bss: load addr=000047e8, load size=00000008 bytes, run addr=20008740, run size=0000034c bytes, compression=zero_init


LINKER GENERATED HANDLER TABLE

__TI_handler_table @ 000047dc records: 3, size/record: 4, table size: 12
	index: 0, handler: __TI_decompress_lzss
	index: 1, handler: __TI_decompress_none
	index: 2, handler: __TI_zero_init


GLOBAL SYMBOLS: SORTED ALPHABETICALLY BY Name 

address   name                                                            
-------   ----                                                            
0000401f  Board_init                                                      
000005c3  Board_initHook                                                  
0000402b  CPU_cpsid                                                       
00004037  CPU_cpsie                                                       
00000ef5  CPU_wfi                                                         
00003a15  CS_setExternalClockSourceFrequency                              
000011d1  CS_startHFXTWithTimeout                                         
000012b5  CS_startLFXTWithTimeout                                         
000036e9  GPIO_setPinAlto                                                 
00003711  GPIO_setPinBajo                                                 
000028d1  GPIO_setPinEntradaconPullUp                                     
00002f9d  GPIO_setPinSalida                                               
00003851  Gpio_Pin2_in                                                    
00003875  Gpio_init2021                                                   
00008000  HEAPSIZE                                                        
00003e7d  HwiP_Params_init                                                
00002fdd  HwiP_create                                                     
000026f9  PCM_getCoreVoltageLevel                                         
00002875  PCM_getPowerMode                                                
00003d99  PCM_getPowerState                                               
00003739  PCM_gotoLPM0                                                    
00002039  PCM_gotoLPM3                                                    
00003e8d  PCM_gotoLPM4                                                    
00003e9d  PCM_setPowerMode                                                
00003ead  PCM_setPowerState                                               
000029d9  PCM_shutdownDevice                                              
000041f8  PowerMSP432_config                                              
0000190f  PowerMSP432_initPolicy                                          
20008594  PowerMSP432_module                                              
20008140  PowerMSP432_perfLevels                                          
00002b79  PowerMSP432_sleepPolicy                                         
00003557  PowerMSP432_updateFreqs                                         
00004045  Power_getConstraintMask                                         
00003dad  Power_idleFunc                                                  
00001afd  Power_init                                                      
00000041  Power_sleep                                                     
00003585  RTC_C_holdClock                                                 
UNDEFED   SHT$$INIT_ARRAY$$Base                                           
UNDEFED   SHT$$INIT_ARRAY$$Limit                                          
00003c45  SysCtl_A_disableNMISource                                       
00003c5d  SysCtl_A_enableNMISource                                        
00003ebd  SysCtl_A_getNMISourceStatus                                     
00003ecd  SysCtl_getNMISourceStatus                                       
4000480c  WDTCTL_SYM                                                      
00003899  WDT_A_holdTimer                                                 
00000000  __ASM__                                                         
000000be  __ISA__                                                         
000000d1  __PLAT__                                                        
20010000  __STACK_END                                                     
00000400  __STACK_SIZE                                                    
000000f4  __TARG__                                                        
000047f0  __TI_CINIT_Base                                                 
00004800  __TI_CINIT_Limit                                                
000047dc  __TI_Handler_Table_Base                                         
000047e8  __TI_Handler_Table_Limit                                        
00001a5d  __TI_auto_init                                                  
0000242d  __TI_decompress_lzss                                            
00003fe1  __TI_decompress_none                                            
ffffffff  __TI_pprof_out_hndl                                             
ffffffff  __TI_prof_data_size                                             
ffffffff  __TI_prof_data_start                                            
000045d8  __TI_static_base__                                              
00003b17  __TI_zero_init_nomemset                                         
0000011a  __TRDR__                                                        
00004169  __aeabi_errno_addr                                              
000022d1  __aeabi_memclr                                                  
000022d1  __aeabi_memclr4                                                 
000022d1  __aeabi_memclr8                                                 
00001b99  __aeabi_memcpy                                                  
00001b99  __aeabi_memcpy4                                                 
00001b99  __aeabi_memcpy8                                                 
000022d3  __aeabi_memset                                                  
000022d3  __aeabi_memset4                                                 
000022d3  __aeabi_memset8                                                 
ffffffff  __binit__                                                       
ffffffff  __c_args__                                                      
20008140  __primary_heap_end__                                            
20000140  __primary_heap_start__                                          
2000fc00  __stack                                                         
20000000  __start___llvm_prf_cnts                                         
20000000  __stop___llvm_prf_cnts                                          
00003c75  _args_main                                                      
00002929  _c_int00                                                        
200086c4  _lock                                                           
00002037  _nop                                                            
000035b1  _pthread_cleanupFxn                                             
00003e29  _pthread_cleanup_pop                                            
00001c39  _pthread_removeThreadKeys                                       
00004051  _register_lock                                                  
0000405d  _register_unlock                                                
200086c8  _unlock                                                         
ffffffff  binit                                                           
00002bc5  copy_in                                                         
00002501  main                                                            
000016ed  mainThread                                                      
2000871c  main_func_sp                                                    
00001b99  memcpy                                                          
000022d9  memset                                                          
000044cc  p1_in                                                           
000044d0  p2_in                                                           
000038c1  pthread_attr_init                                               
00003ff1  pthread_attr_setdetachstate                                     
00003dc1  pthread_attr_setschedparam                                      
00004121  pthread_attr_setstacksize                                       
00000ff1  pthread_create                                                  
00002569  pthread_exit                                                    
00004069  pthread_self                                                    
00003529  pthread_setcancelstate                                          
200085ec  ti_sysbios_BIOS_Module__state__V                                
00003639  ti_sysbios_BIOS_RtsGateProxy_Handle__label__S                   
00001395  ti_sysbios_BIOS_RtsGateProxy_enter__E                           
00001555  ti_sysbios_BIOS_RtsGateProxy_leave__E                           
00004179  ti_sysbios_BIOS_RtsGateProxy_query__E                           
00003285  ti_sysbios_BIOS_atExitFunc__I                                   
00003d69  ti_sysbios_BIOS_exitFunc__I                                     
00003ee1  ti_sysbios_BIOS_exit__E                                         
00004189  ti_sysbios_BIOS_linkedWithIncorrectBootLibrary__E               
000021c5  ti_sysbios_BIOS_nullFunc__I                                     
000038e5  ti_sysbios_BIOS_registerRTSLock__I                              
00003909  ti_sysbios_BIOS_removeRTSLock__I                                
00003a35  ti_sysbios_BIOS_rtsLock__I                                      
00003c8d  ti_sysbios_BIOS_rtsUnlock__I                                    
00003ef1  ti_sysbios_BIOS_setCpuFreq__E                                   
00003f01  ti_sysbios_BIOS_setThreadType__E                                
000032b5  ti_sysbios_BIOS_startFunc__I                                    
00003f11  ti_sysbios_BIOS_start__E                                        
000044fc  ti_sysbios_family_arm_m3_Hwi_E_alreadyDefined__C                
00004500  ti_sysbios_family_arm_m3_Hwi_E_badIntNum__C                     
000030e1  ti_sysbios_family_arm_m3_Hwi_Instance_finalize__E               
000017a9  ti_sysbios_family_arm_m3_Hwi_Instance_init__E                   
20008738  ti_sysbios_family_arm_m3_Hwi_Module_State_0_excActive__A        
20008720  ti_sysbios_family_arm_m3_Hwi_Module_State_0_excContext__A       
20008724  ti_sysbios_family_arm_m3_Hwi_Module_State_0_excStack__A         
000044be  ti_sysbios_family_arm_m3_Hwi_Module__id__C                      
200086cc  ti_sysbios_family_arm_m3_Hwi_Module__root__V                    
00003ca5  ti_sysbios_family_arm_m3_Hwi_Module__startupDone__F             
00003ca5  ti_sysbios_family_arm_m3_Hwi_Module__startupDone__S             
20008530  ti_sysbios_family_arm_m3_Hwi_Module__state__V                   
00002ad9  ti_sysbios_family_arm_m3_Hwi_Module_startup__E                  
00004504  ti_sysbios_family_arm_m3_Hwi_NUM_INTERRUPTS__C                  
0000436c  ti_sysbios_family_arm_m3_Hwi_Object__DESC__C                    
00004260  ti_sysbios_family_arm_m3_Hwi_Object__PARAMS__C                  
00004508  ti_sysbios_family_arm_m3_Hwi_Object__count__C                   
00003dd5  ti_sysbios_family_arm_m3_Hwi_Object__get__S                     
2000866c  ti_sysbios_family_arm_m3_Hwi_Object__table__V                   
00004075  ti_sysbios_family_arm_m3_Hwi_Params__init__S                    
0000450c  ti_sysbios_family_arm_m3_Hwi_ccr__C                             
00002a2d  ti_sysbios_family_arm_m3_Hwi_create                             
00002df1  ti_sysbios_family_arm_m3_Hwi_disableInterrupt__E                
000025d1  ti_sysbios_family_arm_m3_Hwi_dispatchC__I                       
20008940  ti_sysbios_family_arm_m3_Hwi_dispatchTable                      
000010e1  ti_sysbios_family_arm_m3_Hwi_dispatch__I                        
00004129  ti_sysbios_family_arm_m3_Hwi_doSwiRestore__I                    
00004139  ti_sysbios_family_arm_m3_Hwi_doTaskRestore__I                   
00002e39  ti_sysbios_family_arm_m3_Hwi_enableInterrupt__E                 
000037b1  ti_sysbios_family_arm_m3_Hwi_excHandlerAsm__I                   
00004510  ti_sysbios_family_arm_m3_Hwi_excHandlerFunc__C                  
00003b39  ti_sysbios_family_arm_m3_Hwi_excHandler__I                      
00002f11  ti_sysbios_family_arm_m3_Hwi_getStackInfo__E                    
00001cd1  ti_sysbios_family_arm_m3_Hwi_initNVIC__E                        
00002981  ti_sysbios_family_arm_m3_Hwi_initStacks__E                      
000011b5  ti_sysbios_family_arm_m3_Hwi_interruptsAreDisabledButShouldNotBe
00004514  ti_sysbios_family_arm_m3_Hwi_nullIsrFunc__C                     
e000e000  ti_sysbios_family_arm_m3_Hwi_nvic                               
00003829  ti_sysbios_family_arm_m3_Hwi_pendSV__I                          
00002141  ti_sysbios_family_arm_m3_Hwi_postInit__I                        
00004518  ti_sysbios_family_arm_m3_Hwi_priGroup__C                        
20000000  ti_sysbios_family_arm_m3_Hwi_ramVectors                         
00000000  ti_sysbios_family_arm_m3_Hwi_resetVectors                       
0000384d  ti_sysbios_family_arm_m3_Hwi_return                             
00004131  ti_sysbios_family_arm_m3_Hwi_startup__E                         
0000451c  ti_sysbios_family_arm_m3_Hwi_swiDisable__C                      
00004520  ti_sysbios_family_arm_m3_Hwi_swiRestore__C                      
00003de9  ti_sysbios_family_arm_m3_Hwi_switchFromBootStack__E             
0000190b  ti_sysbios_family_arm_m3_TaskSupport_Module__startupDone__S     
00001e91  ti_sysbios_family_arm_m3_TaskSupport_buildTaskStack             
00004081  ti_sysbios_family_arm_m3_TaskSupport_getStackAlignment__E       
00003f21  ti_sysbios_family_arm_m3_TaskSupport_glue                       
00004524  ti_sysbios_family_arm_m3_TaskSupport_stackAlignment__C          
000032e9  ti_sysbios_family_arm_m3_TaskSupport_start__E                   
00003cbd  ti_sysbios_family_arm_m3_TaskSupport_swap__E                    
200086ac  ti_sysbios_family_arm_msp432_ClockFreqs_Module__state__V        
00003931  ti_sysbios_family_arm_msp432_ClockFreqs_setFrequency__E         
00003121  ti_sysbios_family_arm_msp432_Seconds_Module_startup__E          
20008610  ti_sysbios_family_arm_msp432_Timer_Module_State_0_device__A     
2000869c  ti_sysbios_family_arm_msp432_Timer_Module_State_0_handles__A    
00003cd5  ti_sysbios_family_arm_msp432_Timer_Module__startupDone__F       
00003cd5  ti_sysbios_family_arm_msp432_Timer_Module__startupDone__S       
200086b8  ti_sysbios_family_arm_msp432_Timer_Module__state__V             
00003021  ti_sysbios_family_arm_msp432_Timer_Module_startup__E            
200084a8  ti_sysbios_family_arm_msp432_Timer_Object__table__V             
00004091  ti_sysbios_family_arm_msp432_Timer_getMaxTicks__E               
00002a81  ti_sysbios_family_arm_msp432_Timer_initDevice__I                
00004528  ti_sysbios_family_arm_msp432_Timer_numTimerDevices__C           
00001911  ti_sysbios_family_arm_msp432_Timer_periodicStub__E              
00002c11  ti_sysbios_family_arm_msp432_Timer_postInit__I                  
00002c61  ti_sysbios_family_arm_msp432_Timer_start__E                     
0000452c  ti_sysbios_family_arm_msp432_Timer_startupNeeded__C             
00003061  ti_sysbios_family_arm_msp432_Timer_startup__E                   
000045c4  ti_sysbios_family_arm_msp432_init_Boot_bypassHFXT__C            
000045c6  ti_sysbios_family_arm_msp432_init_Boot_bypassLFXT__C            
00000ef9  ti_sysbios_family_arm_msp432_init_Boot_configureClocksHigh      
00003f31  ti_sysbios_family_arm_msp432_init_Boot_disableWatchdog          
000045c8  ti_sysbios_family_arm_msp432_init_Boot_enableHFXT__C            
000045ca  ti_sysbios_family_arm_msp432_init_Boot_enableLFXT__C            
00003c2d  ti_sysbios_family_arm_msp432_init_Boot_init__I                  
00003af9  ti_sysbios_family_xxx_Hwi_switchAndRunFunc                      
0000360d  ti_sysbios_gates_GateHwi_Handle__label__S                       
00004191  ti_sysbios_gates_GateHwi_Instance_init__E                       
000042b8  ti_sysbios_gates_GateHwi_Module__FXNS__C                        
200086d4  ti_sysbios_gates_GateHwi_Module__root__V                        
0000438c  ti_sysbios_gates_GateHwi_Object__DESC__C                        
0000444c  ti_sysbios_gates_GateHwi_Object__PARAMS__C                      
00003319  ti_sysbios_gates_GateHwi_Object__create__S                      
00003a55  ti_sysbios_gates_GateHwi_Object__delete__S                      
20008728  ti_sysbios_gates_GateHwi_Object__table__V                       
000040a1  ti_sysbios_gates_GateHwi_enter__E                               
00004141  ti_sysbios_gates_GateHwi_leave__E                               
00004171  ti_sysbios_gates_GateHwi_query__E                               
00003639  ti_sysbios_gates_GateMutex_Handle__label__S                     
00004530  ti_sysbios_gates_GateMutex_Instance_State_sem__O                
00003f41  ti_sysbios_gates_GateMutex_Instance_finalize__E                 
00003b59  ti_sysbios_gates_GateMutex_Instance_init__E                     
000042dc  ti_sysbios_gates_GateMutex_Module__FXNS__C                      
200086dc  ti_sysbios_gates_GateMutex_Module__root__V                      
000043ac  ti_sysbios_gates_GateMutex_Object__DESC__C                      
00004464  ti_sysbios_gates_GateMutex_Object__PARAMS__C                    
00003349  ti_sysbios_gates_GateMutex_Object__create__S                    
00003955  ti_sysbios_gates_GateMutex_Object__delete__S                    
20008408  ti_sysbios_gates_GateMutex_Object__table__V                     
00003379  ti_sysbios_gates_GateMutex_enter__E                             
00003cf1  ti_sysbios_gates_GateMutex_leave__E                             
00004179  ti_sysbios_gates_GateMutex_query__E                             
00003ca5  ti_sysbios_hal_Hwi_HwiProxy_Module__startupDone__S              
00004075  ti_sysbios_hal_Hwi_HwiProxy_Params__init__S                     
00002df1  ti_sysbios_hal_Hwi_HwiProxy_disableInterrupt__E                 
00002e39  ti_sysbios_hal_Hwi_HwiProxy_enableInterrupt__E                  
00002f11  ti_sysbios_hal_Hwi_HwiProxy_getStackInfo__E                     
00004131  ti_sysbios_hal_Hwi_HwiProxy_startup__E                          
00003de9  ti_sysbios_hal_Hwi_HwiProxy_switchFromBootStack__E              
00003e59  ti_sysbios_hal_Hwi_Module_startup__E                            
00002df1  ti_sysbios_hal_Hwi_disableInterrupt__E                          
00002e39  ti_sysbios_hal_Hwi_enableInterrupt__E                           
00002f11  ti_sysbios_hal_Hwi_getStackInfo__E                              
00003251  ti_sysbios_hal_Hwi_initStack                                    
00004131  ti_sysbios_hal_Hwi_startup__E                                   
00003de9  ti_sysbios_hal_Hwi_switchFromBootStack__E                       
00004534  ti_sysbios_heaps_HeapMem_E_memory__C                            
00003665  ti_sysbios_heaps_HeapMem_Handle__label__S                       
000030a1  ti_sysbios_heaps_HeapMem_Instance_init__E                       
00003639  ti_sysbios_heaps_HeapMem_Module_GateProxy_Handle__label__S      
00001c35  ti_sysbios_heaps_HeapMem_Module_GateProxy_enter__E              
00001ccd  ti_sysbios_heaps_HeapMem_Module_GateProxy_leave__E              
00004179  ti_sysbios_heaps_HeapMem_Module_GateProxy_query__E              
00004290  ti_sysbios_heaps_HeapMem_Module__FXNS__C                        
00004538  ti_sysbios_heaps_HeapMem_Module__gateObj__C                     
000045cc  ti_sysbios_heaps_HeapMem_Module__id__C                          
200086e4  ti_sysbios_heaps_HeapMem_Module__root__V                        
000043cc  ti_sysbios_heaps_HeapMem_Object__DESC__C                        
00004300  ti_sysbios_heaps_HeapMem_Object__PARAMS__C                      
0000453c  ti_sysbios_heaps_HeapMem_Object__count__C                       
000033a9  ti_sysbios_heaps_HeapMem_Object__create__S                      
00003a75  ti_sysbios_heaps_HeapMem_Object__delete__S                      
00003dfd  ti_sysbios_heaps_HeapMem_Object__get__S                         
20008684  ti_sysbios_heaps_HeapMem_Object__table__V                       
00001559  ti_sysbios_heaps_HeapMem_alloc__E                               
000021c9  ti_sysbios_heaps_HeapMem_free__E                                
00002cb1  ti_sysbios_heaps_HeapMem_getStats__E                            
00002351  ti_sysbios_heaps_HeapMem_initPrimary__I                         
00004149  ti_sysbios_heaps_HeapMem_isBlocking__E                          
00004540  ti_sysbios_heaps_HeapMem_primaryHeapBaseAddr__C                 
00004544  ti_sysbios_heaps_HeapMem_primaryHeapEndAddr__C                  
00004548  ti_sysbios_heaps_HeapMem_reqAlign__C                            
0000454c  ti_sysbios_knl_Clock_Module_State_clockQ__O                     
200085c0  ti_sysbios_knl_Clock_Module__state__V                           
00003979  ti_sysbios_knl_Clock_Module_startup__E                          
00003cd5  ti_sysbios_knl_Clock_TimerProxy_Module__startupDone__S          
00001d65  ti_sysbios_knl_Clock_TimerProxy_getMaxTicks__E                  
00003061  ti_sysbios_knl_Clock_TimerProxy_startup__E                      
000037d9  ti_sysbios_knl_Clock_addI__E                                    
00003691  ti_sysbios_knl_Clock_doTick__I                                  
00004199  ti_sysbios_knl_Clock_logTick__E                                 
00004550  ti_sysbios_knl_Clock_tickPeriod__C                              
00002251  ti_sysbios_knl_Clock_workFunc__E                                
000044d4  ti_sysbios_knl_Idle_funcList__A                                 
000044dc  ti_sysbios_knl_Idle_funcList__C                                 
00004001  ti_sysbios_knl_Idle_loop__E                                     
00003a99  ti_sysbios_knl_Idle_run__E                                      
00004554  ti_sysbios_knl_Mailbox_Instance_State_freeQue__O                
00002e81  ti_sysbios_knl_Mailbox_Module_startup__E                        
00004558  ti_sysbios_knl_Mailbox_Object__count__C                         
00003f51  ti_sysbios_knl_Mailbox_Object__get__S                           
0000455c  ti_sysbios_knl_Mailbox_maxTypeAlign__C                          
000033d9  ti_sysbios_knl_Mailbox_postInit__I                              
00004151  ti_sysbios_knl_Queue_Instance_init__E                           
200086ec  ti_sysbios_knl_Queue_Module__root__V                            
[...]
00003c2d  xdc_runtime_Startup_reset__I                                    
00003c45  SysCtl_A_disableNMISource                                       
00003c5d  SysCtl_A_enableNMISource                                        
00003c75  _args_main                                                      
00003c8d  ti_sysbios_BIOS_rtsUnlock__I                                    
00003ca5  ti_sysbios_family_arm_m3_Hwi_Module__startupDone__F             
00003ca5  ti_sysbios_family_arm_m3_Hwi_Module__startupDone__S             
00003ca5  ti_sysbios_hal_Hwi_HwiProxy_Module__startupDone__S              
00003cbd  ti_sysbios_family_arm_m3_TaskSupport_swap__E                    
00003cbd  ti_sysbios_knl_Task_SupportProxy_swap__E                        
00003cc9  ti_sysbios_knl_Task_swapReturn                                  
00003cd5  ti_sysbios_family_arm_msp432_Timer_Module__startupDone__F       
00003cd5  ti_sysbios_family_arm_msp432_Timer_Module__startupDone__S       
00003cd5  ti_sysbios_knl_Clock_TimerProxy_Module__startupDone__S          
00003cf1  ti_sysbios_gates_GateMutex_leave__E                             
00003d09  ti_sysbios_knl_Task_sleepTimeout__I                             
00003d21  ti_sysbios_rts_ti_ReentSupport_getTlsAddr__I                    
00003d39  xdc_runtime_Error_init__E                                       
00003d51  xdc_runtime_System_exit__E                                      
00003d69  ti_sysbios_BIOS_exitFunc__I                                     
00003d81  ti_sysbios_knl_Task_unblock__E                                  
00003d99  PCM_getPowerState                                               
00003dad  Power_idleFunc                                                  
00003dc1  pthread_attr_setschedparam                                      
00003dd5  ti_sysbios_family_arm_m3_Hwi_Object__get__S                     
00003de9  ti_sysbios_family_arm_m3_Hwi_switchFromBootStack__E             
00003de9  ti_sysbios_hal_Hwi_HwiProxy_switchFromBootStack__E              
00003de9  ti_sysbios_hal_Hwi_switchFromBootStack__E                       
00003dfd  ti_sysbios_heaps_HeapMem_Object__get__S                         
00003e11  ti_sysbios_knl_Swi_Object__get__S                               
00003e29  _pthread_cleanup_pop                                            
00003e59  ti_sysbios_hal_Hwi_Module_startup__E                            
00003e6b  xdc_runtime_Startup_exec__I                                     
00003e7d  HwiP_Params_init                                                
00003e8d  PCM_gotoLPM4                                                    
00003e9d  PCM_setPowerMode                                                
00003ead  PCM_setPowerState                                               
00003ebd  SysCtl_A_getNMISourceStatus                                     
00003ecd  SysCtl_getNMISourceStatus                                       
00003ee1  ti_sysbios_BIOS_exit__E                                         
00003ef1  ti_sysbios_BIOS_setCpuFreq__E                                   
00003f01  ti_sysbios_BIOS_setThreadType__E                                
00003f11  ti_sysbios_BIOS_start__E                                        
00003f21  ti_sysbios_family_arm_m3_TaskSupport_glue                       
00003f31  ti_sysbios_family_arm_msp432_init_Boot_disableWatchdog          
00003f41  ti_sysbios_gates_GateMutex_Instance_finalize__E                 
00003f51  ti_sysbios_knl_Mailbox_Object__get__S                           
00003f61  ti_sysbios_knl_Semaphore_Instance_finalize__E                   
00003f71  ti_sysbios_knl_Swi_disable__E                                   
00003f81  ti_sysbios_knl_Task_Object__get__S                              
00003f91  ti_sysbios_knl_Task_disable__E                                  
00003fa1  xdc_runtime_Gate_leaveSystem__E                                 
00003fb1  xdc_runtime_Memory_free__E                                      
00003fc1  xdc_runtime_SysCallback_abort__E                                
00003fc1  xdc_runtime_System_SupportProxy_abort__E                        
00003fd1  xdc_runtime_SysCallback_exit__E                                 
00003fd1  xdc_runtime_System_SupportProxy_exit__E                         
00003fe1  __TI_decompress_none                                            
00003ff1  pthread_attr_setdetachstate                                     
00004001  ti_sysbios_knl_Idle_loop__E                                     
00004011  ti_sysbios_knl_Queue_empty__E                                   
0000401f  Board_init                                                      
0000402b  CPU_cpsid                                                       
00004037  CPU_cpsie                                                       
00004045  Power_getConstraintMask                                         
00004051  _register_lock                                                  
0000405d  _register_unlock                                                
00004069  pthread_self                                                    
00004075  ti_sysbios_family_arm_m3_Hwi_Params__init__S                    
00004075  ti_sysbios_hal_Hwi_HwiProxy_Params__init__S                     
00004081  ti_sysbios_family_arm_m3_TaskSupport_getStackAlignment__E       
00004081  ti_sysbios_knl_Task_SupportProxy_getStackAlignment__E           
00004091  ti_sysbios_family_arm_msp432_Timer_getMaxTicks__E               
000040a1  ti_sysbios_gates_GateHwi_enter__E                               
000040ad  ti_sysbios_knl_Queue_Object__get__S                             
000040b9  ti_sysbios_knl_Semaphore_Params__init__S                        
000040c5  ti_sysbios_knl_Task_Params__init__S                             
000040d1  ti_sysbios_knl_Task_self__E                                     
000040e1  ti_sysbios_rts_ti_ReentSupport_taskRegHook__I                   
000040f1  xdc_runtime_Gate_enterSystem__E                                 
00004101  xdc_runtime_Startup_rtsDone__E                                  
0000410d  xdc_runtime_Memory_HeapProxy_alloc__E                           
00004117  xdc_runtime_Memory_HeapProxy_free__E                            
00004121  pthread_attr_setstacksize                                       
00004129  ti_sysbios_family_arm_m3_Hwi_doSwiRestore__I                    
00004131  ti_sysbios_family_arm_m3_Hwi_startup__E                         
00004131  ti_sysbios_hal_Hwi_HwiProxy_startup__E                          
00004131  ti_sysbios_hal_Hwi_startup__E                                   
00004139  ti_sysbios_family_arm_m3_Hwi_doTaskRestore__I                   
00004141  ti_sysbios_gates_GateHwi_leave__E                               
00004149  ti_sysbios_heaps_HeapMem_isBlocking__E                          
00004151  ti_sysbios_knl_Queue_Instance_init__E                           
00004159  ti_sysbios_knl_Swi_startup__E                                   
00004161  xdc_runtime_System_Module_startup__E                            
00004169  __aeabi_errno_addr                                              
00004171  ti_sysbios_gates_GateHwi_query__E                               
00004171  xdc_runtime_Main_Module_GateProxy_query__E                      
00004171  xdc_runtime_System_Module_GateProxy_query__E                    
00004179  ti_sysbios_BIOS_RtsGateProxy_query__E                           
00004179  ti_sysbios_gates_GateMutex_query__E                             
00004179  ti_sysbios_heaps_HeapMem_Module_GateProxy_query__E              
00004181  ti_sysbios_knl_Task_startup__E                                  
00004189  ti_sysbios_BIOS_linkedWithIncorrectBootLibrary__E               
00004191  ti_sysbios_gates_GateHwi_Instance_init__E                       
00004199  ti_sysbios_knl_Clock_logTick__E                                 
000041a1  xdc_runtime_SysCallback_defaultAbort                            
000041a9  xdc_runtime_SysCallback_defaultExit                             
000041b1  xdc_runtime_System_abortSpin__E                                 
000041b9  xdc_runtime_System_exitSpin__E                                  
000041bc  ti_sysbios_knl_Task_Object__PARAMS__C                           
000041f8  PowerMSP432_config                                              
00004260  ti_sysbios_family_arm_m3_Hwi_Object__PARAMS__C                  
00004290  ti_sysbios_heaps_HeapMem_Module__FXNS__C                        
000042b8  ti_sysbios_gates_GateHwi_Module__FXNS__C                        
000042dc  ti_sysbios_gates_GateMutex_Module__FXNS__C                      
00004300  ti_sysbios_heaps_HeapMem_Object__PARAMS__C                      
00004324  ti_sysbios_knl_Semaphore_Object__PARAMS__C                      
00004348  xdc_runtime_Startup_sfxnTab__A                                  
0000436c  ti_sysbios_family_arm_m3_Hwi_Object__DESC__C                    
0000438c  ti_sysbios_gates_GateHwi_Object__DESC__C                        
000043ac  ti_sysbios_gates_GateMutex_Object__DESC__C                      
000043cc  ti_sysbios_heaps_HeapMem_Object__DESC__C                        
000043ec  ti_sysbios_knl_Queue_Object__DESC__C                            
0000440c  ti_sysbios_knl_Semaphore_Object__DESC__C                        
0000442c  ti_sysbios_knl_Task_Object__DESC__C                             
0000444c  ti_sysbios_gates_GateHwi_Object__PARAMS__C                      
00004464  ti_sysbios_gates_GateMutex_Object__PARAMS__C                    
0000447c  ti_sysbios_knl_Queue_Object__PARAMS__C                          
00004494  ti_sysbios_knl_Task_hooks__A                                    
000044ac  xdc_runtime_Startup_sfxnRts__A                                  
000044be  ti_sysbios_family_arm_m3_Hwi_Module__id__C                      
000044c0  xdc_runtime_Startup_firstFxns__A                                
000044cc  p1_in                                                           
000044d0  p2_in                                                           
000044d4  ti_sysbios_knl_Idle_funcList__A                                 
000044dc  ti_sysbios_knl_Idle_funcList__C                                 
000044e4  ti_sysbios_knl_Task_hooks__C                                    
000044ec  xdc_runtime_Startup_firstFxns__C                                
000044f4  xdc_runtime_Startup_lastFxns__C                                 
000044fc  ti_sysbios_family_arm_m3_Hwi_E_alreadyDefined__C                
00004500  ti_sysbios_family_arm_m3_Hwi_E_badIntNum__C                     
00004504  ti_sysbios_family_arm_m3_Hwi_NUM_INTERRUPTS__C                  
00004508  ti_sysbios_family_arm_m3_Hwi_Object__count__C                   
0000450c  ti_sysbios_family_arm_m3_Hwi_ccr__C                             
00004510  ti_sysbios_family_arm_m3_Hwi_excHandlerFunc__C                  
00004514  ti_sysbios_family_arm_m3_Hwi_nullIsrFunc__C                     
00004518  ti_sysbios_family_arm_m3_Hwi_priGroup__C                        
0000451c  ti_sysbios_family_arm_m3_Hwi_swiDisable__C                      
00004520  ti_sysbios_family_arm_m3_Hwi_swiRestore__C                      
00004524  ti_sysbios_family_arm_m3_TaskSupport_stackAlignment__C          
00004528  ti_sysbios_family_arm_msp432_Timer_numTimerDevices__C           
0000452c  ti_sysbios_family_arm_msp432_Timer_startupNeeded__C             
00004530  ti_sysbios_gates_GateMutex_Instance_State_sem__O                
00004534  ti_sysbios_heaps_HeapMem_E_memory__C                            
00004538  ti_sysbios_heaps_HeapMem_Module__gateObj__C                     
0000453c  ti_sysbios_heaps_HeapMem_Object__count__C                       
00004540  ti_sysbios_heaps_HeapMem_primaryHeapBaseAddr__C                 
00004544  ti_sysbios_heaps_HeapMem_primaryHeapEndAddr__C                  
00004548  ti_sysbios_heaps_HeapMem_reqAlign__C                            
0000454c  ti_sysbios_knl_Clock_Module_State_clockQ__O                     
00004550  ti_sysbios_knl_Clock_tickPeriod__C                              
00004554  ti_sysbios_knl_Mailbox_Instance_State_freeQue__O                
00004558  ti_sysbios_knl_Mailbox_Object__count__C                         
0000455c  ti_sysbios_knl_Mailbox_maxTypeAlign__C                          
00004560  ti_sysbios_knl_Semaphore_Instance_State_pendQ__O                
00004564  ti_sysbios_knl_Swi_Object__count__C                             
00004568  ti_sysbios_knl_Task_Module_State_inactiveQ__O                   
0000456c  ti_sysbios_knl_Task_Object__count__C                            
00004570  ti_sysbios_knl_Task_Object__heap__C                             
00004574  ti_sysbios_knl_Task_allBlockedFunc__C                           
00004578  ti_sysbios_knl_Task_defaultStackHeap__C                         
0000457c  ti_sysbios_knl_Task_defaultStackSize__C                         
00004580  ti_sysbios_knl_Task_numConstructedTasks__C                      
00004584  xdc_runtime_Error_E_memory__C                                   
00004588  xdc_runtime_Error_policyFxn__C                                  
0000458c  xdc_runtime_IGateProvider_Interface__BASE__C                    
00004590  xdc_runtime_IHeap_Interface__BASE__C                            
00004594  xdc_runtime_IModule_Interface__BASE__C                          
00004598  xdc_runtime_Memory_defaultHeapInstance__C                       
0000459c  xdc_runtime_Startup_execImpl__C                                 
000045a0  xdc_runtime_Startup_maxPasses__C                                
000045a4  xdc_runtime_Startup_sfxnRts__C                                  
000045a8  xdc_runtime_Startup_sfxnTab__C                                  
000045ac  xdc_runtime_SysCallback_abortFxn__C                             
000045b0  xdc_runtime_SysCallback_exitFxn__C                              
000045b4  xdc_runtime_System_Module__gateObj__C                           
000045b8  xdc_runtime_System_abortFxn__C                                  
000045bc  xdc_runtime_System_exitFxn__C                                   
000045c0  xdc_runtime_System_maxAtexitHandlers__C                         
000045c4  ti_sysbios_family_arm_msp432_init_Boot_bypassHFXT__C            
000045c6  ti_sysbios_family_arm_msp432_init_Boot_bypassLFXT__C            
000045c8  ti_sysbios_family_arm_msp432_init_Boot_enableHFXT__C            
000045ca  ti_sysbios_family_arm_msp432_init_Boot_enableLFXT__C            
000045cc  ti_sysbios_heaps_HeapMem_Module__id__C                          
000045ce  xdc_runtime_Memory_Module__id__C                                
000045d0  xdc_runtime_Error_policy__C                                     
000045d8  __TI_static_base__                                              
000047dc  __TI_Handler_Table_Base                                         
000047e8  __TI_Handler_Table_Limit                                        
000047f0  __TI_CINIT_Base                                                 
00004800  __TI_CINIT_Limit                                                
00008000  HEAPSIZE                                                        
20000000  __start___llvm_prf_cnts                                         
20000000  __stop___llvm_prf_cnts                                          
20000000  ti_sysbios_family_arm_m3_Hwi_ramVectors                         
20000140  __primary_heap_start__                                          
20008140  PowerMSP432_perfLevels                                          
20008140  __primary_heap_end__                                            
20008308  ti_sysbios_knl_Swi_Module_State_0_readyQ__A                     
20008388  ti_sysbios_knl_Task_Module_State_0_readyQ__A                    
20008408  ti_sysbios_gates_GateMutex_Object__table__V                     
2000845c  ti_sysbios_knl_Task_Object__table__V                            
200084a8  ti_sysbios_family_arm_msp432_Timer_Object__table__V             
200084ec  ti_sysbios_knl_Task_Module__state__V                            
20008530  ti_sysbios_family_arm_m3_Hwi_Module__state__V                   
20008564  ti_sysbios_knl_Swi_Object__table__V                             
20008594  PowerMSP432_module                                              
200085c0  ti_sysbios_knl_Clock_Module__state__V                           
200085ec  ti_sysbios_BIOS_Module__state__V                                
20008610  ti_sysbios_family_arm_msp432_Timer_Module_State_0_device__A     
20008630  xdc_runtime_Error_IgnoreBlock                                   
20008650  ti_sysbios_knl_Swi_Module__state__V                             
2000866c  ti_sysbios_family_arm_m3_Hwi_Object__table__V                   
20008684  ti_sysbios_heaps_HeapMem_Object__table__V                       
2000869c  ti_sysbios_family_arm_msp432_Timer_Module_State_0_handles__A    
200086ac  ti_sysbios_family_arm_msp432_ClockFreqs_Module__state__V        
200086b8  ti_sysbios_family_arm_msp432_Timer_Module__state__V             
200086c4  _lock                                                           
200086c8  _unlock                                                         
200086cc  ti_sysbios_family_arm_m3_Hwi_Module__root__V                    
200086d4  ti_sysbios_gates_GateHwi_Module__root__V                        
200086dc  ti_sysbios_gates_GateMutex_Module__root__V                      
200086e4  ti_sysbios_heaps_HeapMem_Module__root__V                        
200086ec  ti_sysbios_knl_Queue_Module__root__V                            
200086f4  ti_sysbios_knl_Semaphore_Module__root__V                        
200086fc  ti_sysbios_knl_Task_Module__root__V                             
20008704  xdc_runtime_Startup_Module__state__V                            
2000870c  xdc_runtime_System_Module_State_0_atexitHandlers__A             
20008714  xdc_runtime_System_Module__state__V                             
2000871c  main_func_sp                                                    
20008720  ti_sysbios_family_arm_m3_Hwi_Module_State_0_excContext__A       
20008724  ti_sysbios_family_arm_m3_Hwi_Module_State_0_excStack__A         
20008728  ti_sysbios_gates_GateHwi_Object__table__V                       
2000872c  ti_sysbios_knl_Task_Module_State_0_idleTask__A                  
20008730  ti_sysbios_rts_ti_ReentSupport_Module__state__V                 
20008734  xdc_runtime_Memory_Module__state__V                             
20008738  ti_sysbios_family_arm_m3_Hwi_Module_State_0_excActive__A        
20008740  ti_sysbios_knl_Task_Instance_State_0_stack__A                   
20008940  ti_sysbios_family_arm_m3_Hwi_dispatchTable                      
20008a88  ti_sysbios_knl_Task_Instance_State_0_hookEnv__A                 
2000fc00  __stack                                                         
20010000  __STACK_END                                                     
4000480c  WDTCTL_SYM                                                      
e000e000  ti_sysbios_family_arm_m3_Hwi_nvic                               
ffffffff  __TI_pprof_out_hndl                                             
ffffffff  __TI_prof_data_size                                             
ffffffff  __TI_prof_data_start                                            
ffffffff  __binit__                                                       
ffffffff  __c_args__                                                      
ffffffff  binit                                                           
UNDEFED   SHT$$INIT_ARRAY$$Base                                           
UNDEFED   SHT$$INIT_ARRAY$$Limit                                          

[453 symbols]
